Key-value pairs:
{
KEYS[first] = 15
KEYS[second] = value
}
Success!
