SYNTAX ERROR: Could not process text beginning at 'not : "good" }'
Parsing ../data/json_bad_token.txt failed
