Key-value pairs:
{
KEYS[long long min] = -9223372036854775807
}
Success!
