Key-value pairs:
{
KEYS[keyName] = 125
}
Success!
