SYNTAX ERROR: '}' is an invalid token
SYNTAX ERROR: Could not process text beginning at ' }'
Parsing ../data/json_bad.txt failed
