Key-value pairs:
{
KEYS[keyName] = string value
}
Success!
