VALUE [string]: 'This "is" okay to do. Here is a \ backslash.'
Success!
